PHPUnit 12.5.33 by Sebastian Bergmann and contributors.

Runtime:       PHP 8.3.29
Configuration: C:\Users\David Dev\Documents\Github\HRSystem\phpunit.xml

........F........                                                 17 / 17 (100%)

Time: 00:03.362, Memory: 66.00 MB

There was 1 failure:

1) Tests\Feature\EmployeeAuthorizationTest::test_admins_can_create_an_employee
Expected response status code [201, 301, 302, 303, 307, 308] but received 500.
Failed asserting that false is true.

The following exception occurred during the last request:

ErrorException: Undefined property: Illuminate\Notifications\AnonymousNotifiable::$name in C:\Users\David Dev\Documents\Github\HRSystem\app\Notifications\AccountWelcomeNotification.php:27
Stack trace:
#0 C:\Users\David Dev\Documents\Github\HRSystem\vendor\laravel\framework\src\Illuminate\Foundation\Bootstrap\HandleExceptions.php(263): Illuminate\Foundation\Bootstrap\HandleExceptions->handleError()
#1 C:\Users\David Dev\Documents\Github\HRSystem\app\Notifications\AccountWelcomeNotification.php(27): Illuminate\Foundation\Bootstrap\HandleExceptions->Illuminate\Foundation\Bootstrap\{closure}()
#2 C:\Users\David Dev\Documents\Github\HRSystem\vendor\laravel\framework\src\Illuminate\Notifications\Channels\MailChannel.php(55): App\Notifications\AccountWelcomeNotification->toMail()
#3 C:\Users\David Dev\Documents\Github\HRSystem\vendor\laravel\framework\src\Illuminate\Notifications\NotificationSender.php(165): Illuminate\Notifications\Channels\MailChannel->send()
#4 C:\Users\David Dev\Documents\Github\HRSystem\vendor\laravel\framework\src\Illuminate\Notifications\NotificationSender.php(120): Illuminate\Notifications\NotificationSender->sendToNotifiable()
#5 C:\Users\David Dev\Documents\Github\HRSystem\vendor\laravel\framework\src\Illuminate\Support\Traits\Localizable.php(21): Illuminate\Notifications\NotificationSender->Illuminate\Notifications\{closure}()
#6 C:\Users\David Dev\Documents\Github\HRSystem\vendor\laravel\framework\src\Illuminate\Notifications\NotificationSender.php(115): Illuminate\Notifications\NotificationSender->withLocale()
#7 C:\Users\David Dev\Documents\Github\HRSystem\vendor\laravel\framework\src\Illuminate\Notifications\ChannelManager.php(61): Illuminate\Notifications\NotificationSender->sendNow()
#8 C:\Users\David Dev\Documents\Github\HRSystem\vendor\laravel\framework\src\Illuminate\Notifications\SendQueuedNotifications.php(139): Illuminate\Notifications\ChannelManager->sendNow()
#9 C:\Users\David Dev\Documents\Github\HRSystem\vendor\laravel\framework\src\Illuminate\Container\BoundMethod.php(36): Illuminate\Notifications\SendQueuedNotifications->handle()
#10 C:\Users\David Dev\Documents\Github\HRSystem\vendor\laravel\framework\src\Illuminate\Container\Util.php(43): Illuminate\Container\BoundMethod::Illuminate\Container\{closure}()
#11 C:\Users\David Dev\Documents\Github\HRSystem\vendor\laravel\framework\src\Illuminate\Container\BoundMethod.php(96): Illuminate\Container\Util::unwrapIfClosure()
#12 C:\Users\David Dev\Documents\Github\HRSystem\vendor\laravel\framework\src\Illuminate\Container\BoundMethod.php(35): Illuminate\Container\BoundMethod::callBoundMethod()
#13 C:\Users\David Dev\Documents\Github\HRSystem\vendor\laravel\framework\src\Illuminate\Container\Container.php(801): Illuminate\Container\BoundMethod::call()
#14 C:\Users\David Dev\Documents\Github\HRSystem\vendor\laravel\framework\src\Illuminate\Bus\Dispatcher.php(136): Illuminate\Container\Container->call()
#15 C:\Users\David Dev\Documents\Github\HRSystem\vendor\laravel\framework\src\Illuminate\Pipeline\Pipeline.php(180): Illuminate\Bus\Dispatcher->Illuminate\Bus\{closure}()
#16 C:\Users\David Dev\Documents\Github\HRSystem\vendor\laravel\framework\src\Illuminate\Pipeline\Pipeline.php(137): Illuminate\Pipeline\Pipeline->Illuminate\Pipeline\{closure}()
#17 C:\Users\David Dev\Documents\Github\HRSystem\vendor\laravel\framework\src\Illuminate\Bus\Dispatcher.php(140): Illuminate\Pipeline\Pipeline->then()
#18 C:\Users\David Dev\Documents\Github\HRSystem\vendor\laravel\framework\src\Illuminate\Queue\CallQueuedHandler.php(155): Illuminate\Bus\Dispatcher->dispatchNow()
#19 C:\Users\David Dev\Documents\Github\HRSystem\vendor\laravel\framework\src\Illuminate\Pipeline\Pipeline.php(180): Illuminate\Queue\CallQueuedHandler->Illuminate\Queue\{closure}()
#20 C:\Users\David Dev\Documents\Github\HRSystem\vendor\laravel\framework\src\Illuminate\Pipeline\Pipeline.php(137): Illuminate\Pipeline\Pipeline->Illuminate\Pipeline\{closure}()
#21 C:\Users\David Dev\Documents\Github\HRSystem\vendor\laravel\framework\src\Illuminate\Queue\CallQueuedHandler.php(148): Illuminate\Pipeline\Pipeline->then()
#22 C:\Users\David Dev\Documents\Github\HRSystem\vendor\laravel\framework\src\Illuminate\Queue\CallQueuedHandler.php(86): Illuminate\Queue\CallQueuedHandler->dispatchThroughMiddleware()
#23 C:\Users\David Dev\Documents\Github\HRSystem\vendor\laravel\framework\src\Illuminate\Queue\Jobs\Job.php(102): Illuminate\Queue\CallQueuedHandler->call()
#24 C:\Users\David Dev\Documents\Github\HRSystem\vendor\laravel\framework\src\Illuminate\Queue\SyncQueue.php(186): Illuminate\Queue\Jobs\Job->fire()
#25 C:\Users\David Dev\Documents\Github\HRSystem\vendor\laravel\framework\src\Illuminate\Queue\SyncQueue.php(166): Illuminate\Queue\SyncQueue->executeJob()
#26 C:\Users\David Dev\Documents\Github\HRSystem\vendor\laravel\framework\src\Illuminate\Bus\Dispatcher.php(298): Illuminate\Queue\SyncQueue->push()
#27 C:\Users\David Dev\Documents\Github\HRSystem\vendor\laravel\framework\src\Illuminate\Bus\Dispatcher.php(276): Illuminate\Bus\Dispatcher->pushCommandToQueue()
#28 C:\Users\David Dev\Documents\Github\HRSystem\vendor\laravel\framework\src\Illuminate\Bus\Dispatcher.php(87): Illuminate\Bus\Dispatcher->dispatchToQueue()
#29 C:\Users\David Dev\Documents\Github\HRSystem\vendor\laravel\framework\src\Illuminate\Notifications\NotificationSender.php(279): Illuminate\Bus\Dispatcher->dispatch()
#30 C:\Users\David Dev\Documents\Github\HRSystem\vendor\laravel\framework\src\Illuminate\Notifications\NotificationSender.php(90): Illuminate\Notifications\NotificationSender->queueNotification()
#31 C:\Users\David Dev\Documents\Github\HRSystem\vendor\laravel\framework\src\Illuminate\Notifications\ChannelManager.php(48): Illuminate\Notifications\NotificationSender->send()
#32 C:\Users\David Dev\Documents\Github\HRSystem\vendor\laravel\framework\src\Illuminate\Notifications\AnonymousNotifiable.php(45): Illuminate\Notifications\ChannelManager->send()
#33 C:\Users\David Dev\Documents\Github\HRSystem\app\Http\Controllers\EmployeeController.php(86): Illuminate\Notifications\AnonymousNotifiable->notify()
#34 C:\Users\David Dev\Documents\Github\HRSystem\vendor\laravel\framework\src\Illuminate\Routing\ControllerDispatcher.php(46): App\Http\Controllers\EmployeeController->store()
#35 C:\Users\David Dev\Documents\Github\HRSystem\vendor\laravel\framework\src\Illuminate\Routing\Route.php(276): Illuminate\Routing\ControllerDispatcher->dispatch()
#36 C:\Users\David Dev\Documents\Github\HRSystem\vendor\laravel\framework\src\Illuminate\Routing\Route.php(216): Illuminate\Routing\Route->runController()
#37 C:\Users\David Dev\Documents\Github\HRSystem\vendor\laravel\framework\src\Illuminate\Routing\Router.php(822): Illuminate\Routing\Route->run()
#38 C:\Users\David Dev\Documents\Github\HRSystem\vendor\laravel\framework\src\Illuminate\Pipeline\Pipeline.php(180): Illuminate\Routing\Router->Illuminate\Routing\{closure}()
#39 C:\Users\David Dev\Documents\Github\HRSystem\vendor\spatie\laravel-permission\src\Middleware\RoleMiddleware.php(42): Illuminate\Pipeline\Pipeline->Illuminate\Pipeline\{closure}()
#40 C:\Users\David Dev\Documents\Github\HRSystem\vendor\laravel\framework\src\Illuminate\Pipeline\Pipeline.php(219): Spatie\Permission\Middleware\RoleMiddleware->handle()
#41 C:\Users\David Dev\Documents\Github\HRSystem\app\Http\Middleware\EnsurePasswordIsChanged.php(24): Illuminate\Pipeline\Pipeline->Illuminate\Pipeline\{closure}()
#42 C:\Users\David Dev\Documents\Github\HRSystem\vendor\laravel\framework\src\Illuminate\Pipeline\Pipeline.php(219): App\Http\Middleware\EnsurePasswordIsChanged->handle()
#43 C:\Users\David Dev\Documents\Github\HRSystem\vendor\laravel\framework\src\Illuminate\Routing\Middleware\SubstituteBindings.php(52): Illuminate\Pipeline\Pipeline->Illuminate\Pipeline\{closure}()
#44 C:\Users\David Dev\Documents\Github\HRSystem\vendor\laravel\framework\src\Illuminate\Pipeline\Pipeline.php(219): Illuminate\Routing\Middleware\SubstituteBindings->handle()
#45 C:\Users\David Dev\Documents\Github\HRSystem\vendor\laravel\framework\src\Illuminate\Auth\Middleware\Authenticate.php(63): Illuminate\Pipeline\Pipeline->Illuminate\Pipeline\{closure}()
#46 C:\Users\David Dev\Documents\Github\HRSystem\vendor\laravel\framework\src\Illuminate\Pipeline\Pipeline.php(219): Illuminate\Auth\Middleware\Authenticate->handle()
#47 C:\Users\David Dev\Documents\Github\HRSystem\vendor\laravel\framework\src\Illuminate\Foundation\Http\Middleware\PreventRequestForgery.php(104): Illuminate\Pipeline\Pipeline->Illuminate\Pipeline\{closure}()
#48 C:\Users\David Dev\Documents\Github\HRSystem\vendor\laravel\framework\src\Illuminate\Pipeline\Pipeline.php(219): Illuminate\Foundation\Http\Middleware\PreventRequestForgery->handle()
#49 C:\Users\David Dev\Documents\Github\HRSystem\vendor\laravel\framework\src\Illuminate\View\Middleware\ShareErrorsFromSession.php(48): Illuminate\Pipeline\Pipeline->Illuminate\Pipeline\{closure}()
#50 C:\Users\David Dev\Documents\Github\HRSystem\vendor\laravel\framework\src\Illuminate\Pipeline\Pipeline.php(219): Illuminate\View\Middleware\ShareErrorsFromSession->handle()
#51 C:\Users\David Dev\Documents\Github\HRSystem\vendor\laravel\framework\src\Illuminate\Session\Middleware\StartSession.php(120): Illuminate\Pipeline\Pipeline->Illuminate\Pipeline\{closure}()
#52 C:\Users\David Dev\Documents\Github\HRSystem\vendor\laravel\framework\src\Illuminate\Session\Middleware\StartSession.php(63): Illuminate\Session\Middleware\StartSession->handleStatefulRequest()
#53 C:\Users\David Dev\Documents\Github\HRSystem\vendor\laravel\framework\src\Illuminate\Pipeline\Pipeline.php(219): Illuminate\Session\Middleware\StartSession->handle()
#54 C:\Users\David Dev\Documents\Github\HRSystem\vendor\laravel\framework\src\Illuminate\Cookie\Middleware\AddQueuedCookiesToResponse.php(36): Illuminate\Pipeline\Pipeline->Illuminate\Pipeline\{closure}()
#55 C:\Users\David Dev\Documents\Github\HRSystem\vendor\laravel\framework\src\Illuminate\Pipeline\Pipeline.php(219): Illuminate\Cookie\Middleware\AddQueuedCookiesToResponse->handle()
#56 C:\Users\David Dev\Documents\Github\HRSystem\vendor\laravel\framework\src\Illuminate\Cookie\Middleware\EncryptCookies.php(74): Illuminate\Pipeline\Pipeline->Illuminate\Pipeline\{closure}()
#57 C:\Users\David Dev\Documents\Github\HRSystem\vendor\laravel\framework\src\Illuminate\Pipeline\Pipeline.php(219): Illuminate\Cookie\Middleware\EncryptCookies->handle()
#58 C:\Users\David Dev\Documents\Github\HRSystem\vendor\laravel\framework\src\Illuminate\Pipeline\Pipeline.php(137): Illuminate\Pipeline\Pipeline->Illuminate\Pipeline\{closure}()
#59 C:\Users\David Dev\Documents\Github\HRSystem\vendor\laravel\framework\src\Illuminate\Routing\Router.php(821): Illuminate\Pipeline\Pipeline->then()
#60 C:\Users\David Dev\Documents\Github\HRSystem\vendor\laravel\framework\src\Illuminate\Routing\Router.php(800): Illuminate\Routing\Router->runRouteWithinStack()
#61 C:\Users\David Dev\Documents\Github\HRSystem\vendor\laravel\framework\src\Illuminate\Routing\Router.php(764): Illuminate\Routing\Router->runRoute()
#62 C:\Users\David Dev\Documents\Github\HRSystem\vendor\laravel\framework\src\Illuminate\Routing\Router.php(753): Illuminate\Routing\Router->dispatchToRoute()
#63 C:\Users\David Dev\Documents\Github\HRSystem\vendor\laravel\framework\src\Illuminate\Foundation\Http\Kernel.php(200): Illuminate\Routing\Router->dispatch()
#64 C:\Users\David Dev\Documents\Github\HRSystem\vendor\laravel\framework\src\Illuminate\Pipeline\Pipeline.php(180): Illuminate\Foundation\Http\Kernel->Illuminate\Foundation\Http\{closure}()
#65 C:\Users\David Dev\Documents\Github\HRSystem\vendor\laravel\framework\src\Illuminate\Foundation\Http\Middleware\TransformsRequest.php(21): Illuminate\Pipeline\Pipeline->Illuminate\Pipeline\{closure}()
#66 C:\Users\David Dev\Documents\Github\HRSystem\vendor\laravel\framework\src\Illuminate\Foundation\Http\Middleware\ConvertEmptyStringsToNull.php(31): Illuminate\Foundation\Http\Middleware\TransformsRequest->handle()
#67 C:\Users\David Dev\Documents\Github\HRSystem\vendor\laravel\framework\src\Illuminate\Pipeline\Pipeline.php(219): Illuminate\Foundation\Http\Middleware\ConvertEmptyStringsToNull->handle()
#68 C:\Users\David Dev\Documents\Github\HRSystem\vendor\laravel\framework\src\Illuminate\Foundation\Http\Middleware\TransformsRequest.php(21): Illuminate\Pipeline\Pipeline->Illuminate\Pipeline\{closure}()
#69 C:\Users\David Dev\Documents\Github\HRSystem\vendor\laravel\framework\src\Illuminate\Foundation\Http\Middleware\TrimStrings.php(51): Illuminate\Foundation\Http\Middleware\TransformsRequest->handle()
#70 C:\Users\David Dev\Documents\Github\HRSystem\vendor\laravel\framework\src\Illuminate\Pipeline\Pipeline.php(219): Illuminate\Foundation\Http\Middleware\TrimStrings->handle()
#71 C:\Users\David Dev\Documents\Github\HRSystem\vendor\laravel\framework\src\Illuminate\Http\Middleware\ValidatePostSize.php(27): Illuminate\Pipeline\Pipeline->Illuminate\Pipeline\{closure}()
#72 C:\Users\David Dev\Documents\Github\HRSystem\vendor\laravel\framework\src\Illuminate\Pipeline\Pipeline.php(219): Illuminate\Http\Middleware\ValidatePostSize->handle()
#73 C:\Users\David Dev\Documents\Github\HRSystem\vendor\laravel\framework\src\Illuminate\Foundation\Http\Middleware\PreventRequestsDuringMaintenance.php(110): Illuminate\Pipeline\Pipeline->Illuminate\Pipeline\{closure}()
#74 C:\Users\David Dev\Documents\Github\HRSystem\vendor\laravel\framework\src\Illuminate\Pipeline\Pipeline.php(219): Illuminate\Foundation\Http\Middleware\PreventRequestsDuringMaintenance->handle()
#75 C:\Users\David Dev\Documents\Github\HRSystem\vendor\laravel\framework\src\Illuminate\Http\Middleware\HandleCors.php(61): Illuminate\Pipeline\Pipeline->Illuminate\Pipeline\{closure}()
#76 C:\Users\David Dev\Documents\Github\HRSystem\vendor\laravel\framework\src\Illuminate\Pipeline\Pipeline.php(219): Illuminate\Http\Middleware\HandleCors->handle()
#77 C:\Users\David Dev\Documents\Github\HRSystem\vendor\laravel\framework\src\Illuminate\Http\Middleware\TrustProxies.php(58): Illuminate\Pipeline\Pipeline->Illuminate\Pipeline\{closure}()
#78 C:\Users\David Dev\Documents\Github\HRSystem\vendor\laravel\framework\src\Illuminate\Pipeline\Pipeline.php(219): Illuminate\Http\Middleware\TrustProxies->handle()
#79 C:\Users\David Dev\Documents\Github\HRSystem\vendor\laravel\framework\src\Illuminate\Foundation\Http\Middleware\InvokeDeferredCallbacks.php(22): Illuminate\Pipeline\Pipeline->Illuminate\Pipeline\{closure}()
#80 C:\Users\David Dev\Documents\Github\HRSystem\vendor\laravel\framework\src\Illuminate\Pipeline\Pipeline.php(219): Illuminate\Foundation\Http\Middleware\InvokeDeferredCallbacks->handle()
#81 C:\Users\David Dev\Documents\Github\HRSystem\vendor\laravel\framework\src\Illuminate\Http\Middleware\ValidatePathEncoding.php(28): Illuminate\Pipeline\Pipeline->Illuminate\Pipeline\{closure}()
#82 C:\Users\David Dev\Documents\Github\HRSystem\vendor\laravel\framework\src\Illuminate\Pipeline\Pipeline.php(219): Illuminate\Http\Middleware\ValidatePathEncoding->handle()
#83 C:\Users\David Dev\Documents\Github\HRSystem\vendor\laravel\framework\src\Illuminate\Pipeline\Pipeline.php(137): Illuminate\Pipeline\Pipeline->Illuminate\Pipeline\{closure}()
#84 C:\Users\David Dev\Documents\Github\HRSystem\vendor\laravel\framework\src\Illuminate\Foundation\Http\Kernel.php(175): Illuminate\Pipeline\Pipeline->then()
#85 C:\Users\David Dev\Documents\Github\HRSystem\vendor\laravel\framework\src\Illuminate\Foundation\Http\Kernel.php(144): Illuminate\Foundation\Http\Kernel->sendRequestThroughRouter()
#86 C:\Users\David Dev\Documents\Github\HRSystem\vendor\laravel\framework\src\Illuminate\Foundation\Testing\Concerns\MakesHttpRequests.php(638): Illuminate\Foundation\Http\Kernel->handle()
#87 C:\Users\David Dev\Documents\Github\HRSystem\vendor\laravel\framework\src\Illuminate\Foundation\Testing\Concerns\MakesHttpRequests.php(397): Illuminate\Foundation\Testing\TestCase->call()
#88 C:\Users\David Dev\Documents\Github\HRSystem\tests\Feature\EmployeeAuthorizationTest.php(67): Illuminate\Foundation\Testing\TestCase->post()
#89 C:\Users\David Dev\Documents\Github\HRSystem\vendor\phpunit\phpunit\src\Framework\TestCase.php(1318): Tests\Feature\EmployeeAuthorizationTest->test_admins_can_create_an_employee()
#90 C:\Users\David Dev\Documents\Github\HRSystem\vendor\phpunit\phpunit\src\Framework\TestCase.php(1355): PHPUnit\Framework\TestCase->invokeTestMethod()
#91 C:\Users\David Dev\Documents\Github\HRSystem\vendor\phpunit\phpunit\src\Framework\TestCase.php(521): PHPUnit\Framework\TestCase->runTest()
#92 C:\Users\David Dev\Documents\Github\HRSystem\vendor\phpunit\phpunit\src\Framework\TestRunner\TestRunner.php(99): PHPUnit\Framework\TestCase->runBare()
#93 C:\Users\David Dev\Documents\Github\HRSystem\vendor\phpunit\phpunit\src\Framework\TestCase.php(361): PHPUnit\Framework\TestRunner->run()
#94 C:\Users\David Dev\Documents\Github\HRSystem\vendor\phpunit\phpunit\src\Framework\TestSuite.php(374): PHPUnit\Framework\TestCase->run()
#95 C:\Users\David Dev\Documents\Github\HRSystem\vendor\phpunit\phpunit\src\Framework\TestSuite.php(374): PHPUnit\Framework\TestSuite->run()
#96 C:\Users\David Dev\Documents\Github\HRSystem\vendor\phpunit\phpunit\src\Framework\TestSuite.php(374): PHPUnit\Framework\TestSuite->run()
#97 C:\Users\David Dev\Documents\Github\HRSystem\vendor\phpunit\phpunit\src\TextUI\TestRunner.php(64): PHPUnit\Framework\TestSuite->run()
#98 C:\Users\David Dev\Documents\Github\HRSystem\vendor\phpunit\phpunit\src\TextUI\Application.php(229): PHPUnit\TextUI\TestRunner->run()
#99 C:\Users\David Dev\Documents\Github\HRSystem\vendor\phpunit\phpunit\phpunit(104): PHPUnit\TextUI\Application->run()
#100 C:\Users\David Dev\Documents\Github\HRSystem\vendor\bin\phpunit(122): include('...')
#101 {main}

----------------------------------------------------------------------------------

Undefined property: Illuminate\Notifications\AnonymousNotifiable::$name

C:\Users\David Dev\Documents\Github\HRSystem\vendor\laravel\framework\src\Illuminate\Testing\TestResponseAssert.php:45
C:\Users\David Dev\Documents\Github\HRSystem\vendor\laravel\framework\src\Illuminate\Testing\TestResponse.php:208
C:\Users\David Dev\Documents\Github\HRSystem\tests\Feature\EmployeeAuthorizationTest.php:68

FAILURES!
Tests: 17, Assertions: 36, Failures: 1.
